<html>
<body>
<pre>
<h1>µVision Build Log</h1>
<h2>Project:</h2>
C:\Users\dell\OneDrive\Desktop\MPS LAB\LAB 5\l5_gpio_dip_switch\l5_gpio_dip_switch.uvproj
Project File Date:  10/28/2025

<h2>Output:</h2>
Build target 'Target 1'
linking...
Program Size: Code=580 RO-data=636 RW-data=0 ZI-data=512  
FromELF: creating hex file...
".\l5_gpio_dip_switch.axf" - 0 Errors, 0 Warning(s).
Load "C:\\Users\\dell\\OneDrive\\Desktop\\MPS LAB\\LAB 5\\l5_gpio_dip_switch\\l5_gpio_dip_switch.axf" 
Connecting: Mode=JTAG, Speed=1000000Hz
Erase Done.
Programming Done.
Verify OK.
