<html>
<body>
<pre>
<h1>µVision Build Log</h1>
<h2>Project:</h2>
C:\Users\dell\OneDrive\Desktop\MPS LAB\LAB 6\HELO_2023\HELO_2023.uvproj
Project File Date:  11/02/2025

<h2>Output:</h2>
Build target 'Target 1'
compiling l6_seven_segment_HELO_2023.c...
linking...
Program Size: Code=884 RO-data=648 RW-data=0 ZI-data=608  
".\HELO_2023.axf" - 0 Errors, 0 Warning(s).
Build target 'Target 1'
assembling startup_TM4C123.s...
compiling l6_seven_segment_HELO_2023.c...
linking...
Program Size: Code=690 RO-data=650 RW-data=0 ZI-data=512  
FromELF: creating hex file...
".\HELO_2023.axf" - 0 Errors, 0 Warning(s).
Load "C:\\Users\\dell\\OneDrive\\Desktop\\MPS LAB\\LAB 6\\HELO_2023\\HELO_2023.axf" 
Connecting: Mode=JTAG, Speed=1000000Hz
Erase Done.
Programming Done.
Verify OK.
Build target 'Target 1'
compiling l6_seven_segment_HELO_2023.c...
linking...
Program Size: Code=690 RO-data=650 RW-data=0 ZI-data=512  
FromELF: creating hex file...
".\HELO_2023.axf" - 0 Errors, 0 Warning(s).
Load "C:\\Users\\dell\\OneDrive\\Desktop\\MPS LAB\\LAB 6\\HELO_2023\\HELO_2023.axf" 
Connecting: Mode=JTAG, Speed=1000000Hz
Erase Done.
Programming Done.
Verify OK.
Build target 'Target 1'
compiling l6_seven_segment_HELO_2023.c...
linking...
Program Size: Code=690 RO-data=650 RW-data=0 ZI-data=512  
FromELF: creating hex file...
".\HELO_2023.axf" - 0 Errors, 0 Warning(s).
Load "C:\\Users\\dell\\OneDrive\\Desktop\\MPS LAB\\LAB 6\\HELO_2023\\HELO_2023.axf" 
Connecting: Mode=JTAG, Speed=1000000Hz
Erase Done.
Programming Done.
Verify OK.
Build target 'Target 1'
compiling l6_seven_segment_HELO_2023.c...
linking...
Program Size: Code=690 RO-data=650 RW-data=0 ZI-data=512  
FromELF: creating hex file...
".\HELO_2023.axf" - 0 Errors, 0 Warning(s).
Load "C:\\Users\\dell\\OneDrive\\Desktop\\MPS LAB\\LAB 6\\HELO_2023\\HELO_2023.axf" 
Connecting: Mode=JTAG, Speed=1000000Hz
Erase Done.
Programming Done.
Verify OK.
Build target 'Target 1'
compiling l6_seven_segment_HELO_2023.c...
linking...
Program Size: Code=690 RO-data=650 RW-data=0 ZI-data=512  
FromELF: creating hex file...
".\HELO_2023.axf" - 0 Errors, 0 Warning(s).
Load "C:\\Users\\dell\\OneDrive\\Desktop\\MPS LAB\\LAB 6\\HELO_2023\\HELO_2023.axf" 
Connecting: Mode=JTAG, Speed=1000000Hz
Erase Done.
Programming Done.
Verify OK.
Build target 'Target 1'
compiling l6_seven_segment_HELO_2023.c...
linking...
Program Size: Code=690 RO-data=650 RW-data=0 ZI-data=512  
FromELF: creating hex file...
".\HELO_2023.axf" - 0 Errors, 0 Warning(s).
Load "C:\\Users\\dell\\OneDrive\\Desktop\\MPS LAB\\LAB 6\\HELO_2023\\HELO_2023.axf" 
Connecting: Mode=JTAG, Speed=1000000Hz
Erase Done.
Programming Done.
Verify OK.
Build target 'Target 1'
compiling l6_seven_segment_HELO_2023.c...
linking...
Program Size: Code=686 RO-data=650 RW-data=0 ZI-data=512  
FromELF: creating hex file...
".\HELO_2023.axf" - 0 Errors, 0 Warning(s).
Load "C:\\Users\\dell\\OneDrive\\Desktop\\MPS LAB\\LAB 6\\HELO_2023\\HELO_2023.axf" 
Connecting: Mode=JTAG, Speed=1000000Hz
Erase Done.
Programming Done.
Verify OK.
Build target 'Target 1'
compiling l6_seven_segment_HELO_2023.c...
linking...
Program Size: Code=682 RO-data=650 RW-data=0 ZI-data=512  
FromELF: creating hex file...
".\HELO_2023.axf" - 0 Errors, 0 Warning(s).
Load "C:\\Users\\dell\\OneDrive\\Desktop\\MPS LAB\\LAB 6\\HELO_2023\\HELO_2023.axf" 
Connecting: Mode=JTAG, Speed=1000000Hz
Erase Done.
Programming Done.
Verify OK.
Build target 'Target 1'
compiling l6_seven_segment_HELO_2023.c...
linking...
Program Size: Code=686 RO-data=650 RW-data=0 ZI-data=512  
FromELF: creating hex file...
".\HELO_2023.axf" - 0 Errors, 0 Warning(s).
Load "C:\\Users\\dell\\OneDrive\\Desktop\\MPS LAB\\LAB 6\\HELO_2023\\HELO_2023.axf" 
Connecting: Mode=JTAG, Speed=1000000Hz
Erase Done.
Programming Done.
Verify OK.
