<html>
<body>
<pre>
<h1>µVision Build Log</h1>
<h2>Project:</h2>
C:\Users\dell\OneDrive\Desktop\MPS LAB\LAB 7\MULTIPLE_INTERRUPTS\MULTIPLE_INTERRUPTS.uvproj
Project File Date:  11/04/2025

<h2>Output:</h2>
Build target 'Target 1'
compiling l7_multiple_interrupts.c...
linking...
Program Size: Code=872 RO-data=636 RW-data=0 ZI-data=512  
FromELF: creating hex file...
".\MULTIPLE_INTERRUPTS.axf" - 0 Errors, 0 Warning(s).
Load "C:\\Users\\dell\\OneDrive\\Desktop\\MPS LAB\\LAB 7\\MULTIPLE_INTERRUPTS\\MULTIPLE_INTERRUPTS.axf" 
Connecting: Mode=JTAG, Speed=1000000Hz
Erase Done.
Programming Done.
Verify OK.
