


ARM Macro Assembler    Page 1 


    1 00000000                 THUMB
    2 00000000                 PRESERVE8
    3 00000000         
    4 00000000         ;/---------------AREA FOR CONSANT DATA------------------
                       /
    5 00000000                 AREA             marks_constant_data, DATA, READ
ONLY
    6 00000000         
    7 00000000 0000000C 
              00000023 
              00000030 
              00000044 
              00000062 
              00000019 
              00000042 
              00000029 
              0000005A 
              0000004C 
              00000023 
              00000054 
              00000058 
              0000004C 
              0000004B 
              00000047 
              00000037 
              0000003F 
              0000003A 
              00000032 
              00000046 marks_list
                               DCD              12,35,48,68,98,25,66,41,90,76,3
5,84,88,76,75,71,55,63,58,50,70
    8 00000054 00000015 
                       marks_count
                               EQU              21          ; count of marks in
                                                             the list
    9 00000054         
   10 00000054         ;/---------------AREA FOR VARIABLE DATA-----------------
                       -/
   11 00000054                 AREA             counters, DATA, READWRITE
   12 00000000         
   13 00000000 00 00 00 
              00       count_greater_than_70
                               SPACE            4
   14 00000004 00 00 00 
              00       count_between_50_and_70
                               SPACE            4
   15 00000008         
   16 00000008         ;----------------------CODE AREA------------------------
                       ------/
   17 00000008                 AREA             |.l4_marks_sorting|, CODE, READ
ONLY
   18 00000000         
   19 00000000                 ENTRY
   20 00000000                 EXPORT           __main
   21 00000000         
   22 00000000         __main
   23 00000000         
   24 00000000         ; Count the marks greater than 70
   25 00000000 4813            LDR              R0, =marks_list



ARM Macro Assembler    Page 2 


   26 00000002 F04F 0115       LDR              R1, =marks_count
   27 00000006 F7FF FFFE       BL               subroutine_count_greater_than_7
0 
                                                            ; Takes input R0 an
                                                            d R1 gives output i
                                                            n R4
   28 0000000A         
   29 0000000A         ; Store the output from the subroutine
   30 0000000A 4A12            LDR              R2, =count_greater_than_70
   31 0000000C 6014            STR              R4, [R2]
   32 0000000E         
   33 0000000E         ; Count the marks between 50 and 70
   34 0000000E 4810            LDR              R0, =marks_list
   35 00000010 F04F 0115       LDR              R1, =marks_count
   36 00000014 F7FF FFFE       BL               subroutine_count_between_50_and
_70 
                                                            ; Takes input R0 an
                                                            d R1 gives output i
                                                            n R5
   37 00000018         
   38 00000018         ; Store the output from the subroutine
   39 00000018 4A0F            LDR              R2, =count_between_50_and_70
   40 0000001A 6015            STR              R5, [R2]
   41 0000001C         
   42 0000001C         ; Stop the program
   43 0000001C         STOP
   44 0000001C E7FE            B                STOP
   45 0000001E         
   46 0000001E         
   47 0000001E         ;----------------------SUBROUTINE COUNT GREATER THAN 70-
                       -----------------------------/
   48 0000001E         subroutine_count_greater_than_70
                               PROC
   49 0000001E         
   50 0000001E F04F 0400       MOV              R4, #0
   51 00000022         
   52 00000022         check_greater_loop
   53 00000022 F850 2B04       LDR              R2, [R0], #4
   54 00000026 2A46            CMP              R2, #70
   55 00000028 D901            BLS              skip_increment_1
   56 0000002A F104 0401       ADD              R4, R4, #1
   57 0000002E         
   58 0000002E         skip_increment_1
   59 0000002E 1E49            SUBS             R1, R1, #1
   60 00000030 D1F7            BNE              check_greater_loop
   61 00000032 4770            BX               LR
   62 00000034         
   63 00000034                 ENDP
   64 00000034         
   65 00000034         subroutine_count_between_50_and_70
                               PROC
   66 00000034 F04F 0500       MOV              R5, #0
   67 00000038         
   68 00000038         check_in_range_loop
   69 00000038 F850 2B04       LDR              R2, [R0], #4
   70 0000003C 2A32            CMP              R2, #50
   71 0000003E D303            BLO              skip_increment_2
   72 00000040 2A46            CMP              R2, #70
   73 00000042 D801            BHI              skip_increment_2



ARM Macro Assembler    Page 3 


   74 00000044 F105 0501       ADD              R5, R5, #1
   75 00000048         
   76 00000048         skip_increment_2
   77 00000048 1E49            SUBS             R1, R1, #1
   78 0000004A D1F5            BNE              check_in_range_loop
   79 0000004C 4770            BX               LR
   80 0000004E         
   81 0000004E                 ENDP
   82 0000004E         
   83 0000004E                 END
              00 00 00000000 
              00000000 
              00000000 
Command Line: --debug --xref --cpu=Cortex-M4.fp --apcs=interwork --depend=.\l4_
marks_sorting.d -o.\l4_marks_sorting.o -IC:\Keil\ARM\RV31\INC -IC:\Keil\ARM\CMS
IS\Include -IC:\Keil\ARM\Inc\TI\TM4C123 --predefine="__EVAL SETA 1" --list=.\l4
_marks_sorting.lst l4_marks_sorting.s



ARM Macro Assembler    Page 1 Alphabetic symbol ordering
Relocatable symbols

marks_constant_data 00000000

Symbol: marks_constant_data
   Definitions
      At line 5 in file l4_marks_sorting.s
   Uses
      None
Comment: marks_constant_data unused
marks_list 00000000

Symbol: marks_list
   Definitions
      At line 7 in file l4_marks_sorting.s
   Uses
      At line 25 in file l4_marks_sorting.s
      At line 34 in file l4_marks_sorting.s

2 symbols



ARM Macro Assembler    Page 1 Alphabetic symbol ordering
Relocatable symbols

count_between_50_and_70 00000004

Symbol: count_between_50_and_70
   Definitions
      At line 14 in file l4_marks_sorting.s
   Uses
      At line 39 in file l4_marks_sorting.s
Comment: count_between_50_and_70 used once
count_greater_than_70 00000000

Symbol: count_greater_than_70
   Definitions
      At line 13 in file l4_marks_sorting.s
   Uses
      At line 30 in file l4_marks_sorting.s
Comment: count_greater_than_70 used once
counters 00000000

Symbol: counters
   Definitions
      At line 11 in file l4_marks_sorting.s
   Uses
      None
Comment: counters unused
3 symbols



ARM Macro Assembler    Page 1 Alphabetic symbol ordering
Relocatable symbols

.l4_marks_sorting 00000000

Symbol: .l4_marks_sorting
   Definitions
      At line 17 in file l4_marks_sorting.s
   Uses
      None
Comment: .l4_marks_sorting unused
STOP 0000001C

Symbol: STOP
   Definitions
      At line 43 in file l4_marks_sorting.s
   Uses
      At line 44 in file l4_marks_sorting.s
Comment: STOP used once
__main 00000000

Symbol: __main
   Definitions
      At line 22 in file l4_marks_sorting.s
   Uses
      At line 20 in file l4_marks_sorting.s
Comment: __main used once
check_greater_loop 00000022

Symbol: check_greater_loop
   Definitions
      At line 52 in file l4_marks_sorting.s
   Uses
      At line 60 in file l4_marks_sorting.s
Comment: check_greater_loop used once
check_in_range_loop 00000038

Symbol: check_in_range_loop
   Definitions
      At line 68 in file l4_marks_sorting.s
   Uses
      At line 78 in file l4_marks_sorting.s
Comment: check_in_range_loop used once
skip_increment_1 0000002E

Symbol: skip_increment_1
   Definitions
      At line 58 in file l4_marks_sorting.s
   Uses
      At line 55 in file l4_marks_sorting.s
Comment: skip_increment_1 used once
skip_increment_2 00000048

Symbol: skip_increment_2
   Definitions
      At line 76 in file l4_marks_sorting.s
   Uses
      At line 71 in file l4_marks_sorting.s
      At line 73 in file l4_marks_sorting.s

subroutine_count_between_50_and_70 00000034




ARM Macro Assembler    Page 2 Alphabetic symbol ordering
Relocatable symbols

Symbol: subroutine_count_between_50_and_70
   Definitions
      At line 65 in file l4_marks_sorting.s
   Uses
      At line 36 in file l4_marks_sorting.s
Comment: subroutine_count_between_50_and_70 used once
subroutine_count_greater_than_70 0000001E

Symbol: subroutine_count_greater_than_70
   Definitions
      At line 48 in file l4_marks_sorting.s
   Uses
      At line 27 in file l4_marks_sorting.s
Comment: subroutine_count_greater_than_70 used once
9 symbols



ARM Macro Assembler    Page 1 Alphabetic symbol ordering
Absolute symbols

marks_count 00000015

Symbol: marks_count
   Definitions
      At line 8 in file l4_marks_sorting.s
   Uses
      At line 26 in file l4_marks_sorting.s
      At line 35 in file l4_marks_sorting.s

1 symbol
349 symbols in table
