


ARM Macro Assembler    Page 1 


    1 00000000         ;-------------------------------------------------------
                       -----------------------
    2 00000000         ; Set up assembly environment
    3 00000000         ;-------------------------------------------------------
                       -----------------------
    4 00000000                 PRESERVE8                    ; preserve 8-byte s
                                                            tack alignment
    5 00000000                 THUMB                        ; interpret instruc
                                                            tions as Thumb inst
                                                            ructions
    6 00000000         
    7 00000000         ;-------------------------------------------------------
                       -----------------------
    8 00000000         ; Data area in RAM with variables
    9 00000000         ;-------------------------------------------------------
                       -----------------------
   10 00000000                 AREA             counters, DATA, READWRITE
   11 00000000         
   12 00000000 00 00 00 
              00       count_greater_70
                               SPACE            4           ; Reserves 4 bytes 
                                                            in RAM to store the
                                                             count of marks gre
                                                            ater than 70
   13 00000004 00 00 00 
              00       count_range_50_70
                               SPACE            4           ; Reserves 4 bytes 
                                                            in RAM to store the
                                                             count of marks bet
                                                            ween 50 and 70
   14 00000008         
   15 00000008         ;-------------------------------------------------------
                       -----------------------
   16 00000008         ; Read-Only Data Area in ROM with constants
   17 00000008         ;-------------------------------------------------------
                       -----------------------
   18 00000008                 AREA             constant_data, DATA, READONLY
   19 00000000         
   20 00000000 0000000C 
              00000023 
              00000030 
              00000044 
              00000062 
              00000019 
              00000042 
              00000029 
              0000005A 
              0000004C 
              00000023 
              00000054 
              00000058 
              0000004C 
              0000004B 
              00000047 
              00000037 
              0000003F 
              0000003A 
              00000032 
              00000046 marks   DCD              12,35,48,68,98,25,66,41,90,76,3



ARM Macro Assembler    Page 2 


5,84,88,76,75,71,55,63,58,50,70
   21 00000054 00000015 
                       num_of_marks
                               EQU              21          ; Defines a constan
                                                            t with the value 21
                                                            
   22 00000054         
   23 00000054         ;-------------------------------------------------------
                       -----------------------
   24 00000054         ; Code Area
   25 00000054         ;-------------------------------------------------------
                       -----------------------
   26 00000054                 AREA             |.marks_sorting|, CODE, READONL
Y
   27 00000000         
   28 00000000                 ENTRY                        ; Highlights the fi
                                                            rst instruction to 
                                                            be executed
   29 00000000                 EXPORT           __main      ; Makes the 'main' 
                                                            label visible to th
                                                            e linker
   30 00000000         
   31 00000000         __main
   32 00000000         ;Call the first subroutine to find marks > 70
   33 00000000 4813            LDR              R0, =marks  ; Loads R0 with the
                                                             starting memory ad
                                                            dress of the marks.
                                                             LDR loads constant
                                                            s
   34 00000002 F04F 0115       LDR              R1, =num_of_marks ; Load R1 wit
                                                            h the number of mar
                                                            k enteries
   35 00000006 F7FF FFFE       BL               count_greater_than_70_subroutin
e 
                                                            ; Branch with Link 
                                                            to the 'count_great
                                                            er_than_70_subrouti
                                                            ne' which returns t
                                                            he result in R4
   36 0000000A         
   37 0000000A         ;Store the result from the first subroutine
   38 0000000A 4A12            LDR              R2, =count_greater_70 ; Load R2
                                                             with the address o
                                                            f the 'count_greate
                                                            r_70' variable
   39 0000000C 6014            STR              R4, [R2]    ; Store the result 
                                                            from R4 into the me
                                                            mory location point
                                                            ed to by R2
   40 0000000E         
   41 0000000E         ;Call the second subroutine to count marks from 50 to 70
                       
   42 0000000E 4810            LDR              R0, =marks  ; Load R0 with the 
                                                            starting address of
                                                             the list for the n
                                                            ext subroutine
   43 00000010 F04F 0115       LDR              R1, =num_of_marks ; Load R1 wit
                                                            h the count for the
                                                             next subroutine



ARM Macro Assembler    Page 3 


   44 00000014 F7FF FFFE       BL               count_range_50_70_subroutine ; 
                                                            Branch with Link to
                                                             the 'count_range_5
                                                            0_70_subroutine' wh
                                                            ich returns the res
                                                            ult in R5
   45 00000018         
   46 00000018         
   47 00000018         ;Store the result from the second subroutine
   48 00000018 4A0F            LDR              R2, =count_range_50_70 ; Load R
                                                            2 with the address 
                                                            of the 'count_range
                                                            _50_70' variable
   49 0000001A 6015            STR              R5, [R2]    ; Store the result 
                                                            from R5 into the me
                                                            mory location point
                                                            ed to by R2
   50 0000001C         
   51 0000001C         STOP
   52 0000001C E7FE            B                STOP
   53 0000001E         
   54 0000001E         ;-------------------------------------------------------
                       -----------------------
   55 0000001E         ; count_greater_than_70_subroutine 
   56 0000001E         ; Input: R0 -> Address of the marks list, R1 = Number of
                        marks
   57 0000001E         ; Output: R4 = Count of marks > 70
   58 0000001E         ;-------------------------------------------------------
                       -----------------------
   59 0000001E         count_greater_than_70_subroutine
                               PROC
   60 0000001E F04F 0400       MOV              R4, #0      ; Initialize the co
                                                            unter to zero in R4
                                                            
   61 00000022         
   62 00000022         loop_check_greater
   63 00000022 F850 2B04       LDR              R2, [R0], #4 ; Load the mark fr
                                                            om the address in R
                                                            0 into R2, then inc
                                                            rement address in  
                                                            R0 by 4 bytes
   64 00000026 2A46            CMP              R2, #70     ; Compare the mark 
                                                            in R2 with the valu
                                                            e 70 and update (N,
                                                             Z, C, V)
   65 00000028 D901            BLS              skip_inrement_count_1 ; Branch 
                                                            to 'skip_inrement_c
                                                            ount_1' if the mark
                                                             is Lower or Same (
                                                            <= 70) (Z = 1, or C
                                                             = 0)
   66 0000002A F104 0401       ADD              R4, R4, #1  ; If not lower or s
                                                            ame, it must be gre
                                                            ater, so increment 
                                                            the counter
   67 0000002E         
   68 0000002E         skip_inrement_count_1
   69 0000002E 1E49            SUBS             R1, R1, #1  ; Decrement the loo
                                                            p counter and updat



ARM Macro Assembler    Page 4 


                                                            e the Z flag
   70 00000030 D1F7            BNE              loop_check_greater ; Branch bac
                                                            k to 'loop_check_gr
                                                            eater' if  Z != 1
   71 00000032         
   72 00000032 4770            BX               LR          ; Return from the s
                                                            ubroutine.
   73 00000034                 ENDP
   74 00000034         
   75 00000034         ;-------------------------------------------------------
                       -----------------------
   76 00000034         ; count_range_50_70_subroutine 
   77 00000034         ; Input: R0 = Address of the marks list, R1 = Number of 
                       marks
   78 00000034         ; Output: R5 = Count of marks in the range [50, 70]
   79 00000034         ;-------------------------------------------------------
                       -----------------------
   80 00000034         count_range_50_70_subroutine
                               PROC
   81 00000034 F04F 0500       MOV              R5, #0      ; Initialize the co
                                                            unter to zero in R5
                                                            
   82 00000038         
   83 00000038         loop_check_range
   84 00000038 F850 2B04       LDR              R2, [R0], #4 ; Load the mark fr
                                                            om the address in R
                                                            0 into R2, then inc
                                                            rement address in  
                                                            R0 by 4 bytes
   85 0000003C 2A32            CMP              R2, #50     ; Compares the mark
                                                             with 50
   86 0000003E D303            BLO              skip_inrement_count_2 ; Branch 
                                                            to 'skip_inrement_c
                                                            ount_2' if the mark
                                                             is Lower (< 50)
   87 00000040 2A46            CMP              R2, #70     ; Compares the mark
                                                             with 70
   88 00000042 D801            BHI              skip_inrement_count_2 ; Branch 
                                                            to 'skip_inrement_c
                                                            ount_2' if the mark
                                                             is Higher (> 70)
   89 00000044 F105 0501       ADD              R5, R5, #1  ; If neither branch
                                                             was taken, the mar
                                                            k is in range [50, 
                                                            70]. Increment the 
                                                            counter
   90 00000048         
   91 00000048         skip_inrement_count_2
   92 00000048 1E49            SUBS             R1, R1, #1  ; Decrement the loo
                                                            p counter and updat
                                                            e the Z flag
   93 0000004A D1F5            BNE              loop_check_range ; Branch back 
                                                            to 'loop_check_rang
                                                            e' if R1 is not zer
                                                            o
   94 0000004C         
   95 0000004C 4770            BX               LR          ; Return from the s
                                                            ubroutine
   96 0000004E                 ENDP



ARM Macro Assembler    Page 5 


   97 0000004E         
   98 0000004E                 END
              00 00 00000000 
              00000000 
              00000000 
Command Line: --debug --xref --cpu=Cortex-M4.fp --apcs=interwork --depend=.\mar
ks_sorting.d -o.\marks_sorting.o -IC:\Keil\ARM\RV31\INC -IC:\Keil\ARM\CMSIS\Inc
lude -IC:\Keil\ARM\Inc\TI\TM4C123 --predefine="__EVAL SETA 1" --predefine="__MI
CROLIB SETA 1" --list=.\marks_sorting.lst marks_sorting.s



ARM Macro Assembler    Page 1 Alphabetic symbol ordering
Relocatable symbols

count_greater_70 00000000

Symbol: count_greater_70
   Definitions
      At line 12 in file marks_sorting.s
   Uses
      At line 38 in file marks_sorting.s
Comment: count_greater_70 used once
count_range_50_70 00000004

Symbol: count_range_50_70
   Definitions
      At line 13 in file marks_sorting.s
   Uses
      At line 48 in file marks_sorting.s
Comment: count_range_50_70 used once
counters 00000000

Symbol: counters
   Definitions
      At line 10 in file marks_sorting.s
   Uses
      None
Comment: counters unused
3 symbols



ARM Macro Assembler    Page 1 Alphabetic symbol ordering
Relocatable symbols

constant_data 00000000

Symbol: constant_data
   Definitions
      At line 18 in file marks_sorting.s
   Uses
      None
Comment: constant_data unused
marks 00000000

Symbol: marks
   Definitions
      At line 20 in file marks_sorting.s
   Uses
      At line 33 in file marks_sorting.s
      At line 42 in file marks_sorting.s

2 symbols



ARM Macro Assembler    Page 1 Alphabetic symbol ordering
Relocatable symbols

.marks_sorting 00000000

Symbol: .marks_sorting
   Definitions
      At line 26 in file marks_sorting.s
   Uses
      None
Comment: .marks_sorting unused
STOP 0000001C

Symbol: STOP
   Definitions
      At line 51 in file marks_sorting.s
   Uses
      At line 52 in file marks_sorting.s
Comment: STOP used once
__main 00000000

Symbol: __main
   Definitions
      At line 31 in file marks_sorting.s
   Uses
      At line 29 in file marks_sorting.s
Comment: __main used once
count_greater_than_70_subroutine 0000001E

Symbol: count_greater_than_70_subroutine
   Definitions
      At line 59 in file marks_sorting.s
   Uses
      At line 35 in file marks_sorting.s
Comment: count_greater_than_70_subroutine used once
count_range_50_70_subroutine 00000034

Symbol: count_range_50_70_subroutine
   Definitions
      At line 80 in file marks_sorting.s
   Uses
      At line 44 in file marks_sorting.s
Comment: count_range_50_70_subroutine used once
loop_check_greater 00000022

Symbol: loop_check_greater
   Definitions
      At line 62 in file marks_sorting.s
   Uses
      At line 70 in file marks_sorting.s
Comment: loop_check_greater used once
loop_check_range 00000038

Symbol: loop_check_range
   Definitions
      At line 83 in file marks_sorting.s
   Uses
      At line 93 in file marks_sorting.s
Comment: loop_check_range used once
skip_inrement_count_1 0000002E

Symbol: skip_inrement_count_1



ARM Macro Assembler    Page 2 Alphabetic symbol ordering
Relocatable symbols

   Definitions
      At line 68 in file marks_sorting.s
   Uses
      At line 65 in file marks_sorting.s
Comment: skip_inrement_count_1 used once
skip_inrement_count_2 00000048

Symbol: skip_inrement_count_2
   Definitions
      At line 91 in file marks_sorting.s
   Uses
      At line 86 in file marks_sorting.s
      At line 88 in file marks_sorting.s

9 symbols



ARM Macro Assembler    Page 1 Alphabetic symbol ordering
Absolute symbols

num_of_marks 00000015

Symbol: num_of_marks
   Definitions
      At line 21 in file marks_sorting.s
   Uses
      At line 34 in file marks_sorting.s
      At line 43 in file marks_sorting.s

1 symbol
350 symbols in table
